../Core/Src/main.c:96:5:_write	24	static
../Core/Src/main.c:106:6:writeRegister	24	static
../Core/Src/main.c:114:11:readRegister	24	static
../Core/Src/main.c:126:8:readMultipleData	32	static
../Core/Src/main.c:136:8:initADXL357	16	static
../Core/Src/main.c:162:8:readADXL357Data	88	static
../Core/Src/main.c:193:5:main	8	static
../Core/Src/main.c:245:6:SystemClock_Config	88	static
../Core/Src/main.c:291:13:MX_SPI2_Init	8	static
../Core/Src/main.c:329:13:MX_USART6_UART_Init	8	static
../Core/Src/main.c:362:13:MX_GPIO_Init	48	static
../Core/Src/main.c:406:6:Error_Handler	4	static,ignoring_inline_asm
