../Core/Src/main.c:83:5:_write	24	static
../Core/Src/main.c:127:13:BMP280_ReadRegister8	24	static
../Core/Src/main.c:99:5:main	16	static
../Core/Src/main.c:139:8:BMP280_WriteRegister8	24	static
../Core/Src/main.c:148:14:BMP280_Read16_LE	24	static
../Core/Src/main.c:152:13:BMP280_ReadS16_LE	16	static
../Core/Src/main.c:156:8:BMP280_ReadCalibrationData	24	static
../Core/Src/main.c:171:13:BMP280_ReadTemperature	40	static
../Core/Src/main.c:181:14:BMP280_ReadPressure	48	static
../Core/Src/main.c:248:6:SystemClock_Config	88	static
../Core/Src/main.c:294:13:MX_SPI2_Init	8	static
../Core/Src/main.c:332:13:MX_USART6_UART_Init	8	static
../Core/Src/main.c:365:13:MX_GPIO_Init	48	static
../Core/Src/main.c:406:6:Error_Handler	4	static,ignoring_inline_asm
